// Jest Snapshot v1, https://goo.gl/fbAQLP

exports[`FeaturedTitle component should render without issues 1`] = `
<TouchableOpacity
  activeOpacity={0.2}
  focusedOpacity={0.7}
  style={
    Array [
      Object {
        "height": 600,
        "width": 750,
      },
      undefined,
    ]
  }
>
  <Image
    source={
      Object {
        "url": "http://google.com",
      }
    }
    style={
      Array [
        Object {
          "alignItems": "center",
          "backgroundColor": "#ffffff",
          "flex": 2,
          "justifyContent": "center",
          "resizeMode": "cover",
        },
        undefined,
      ]
    }
  >
    <View
      style={
        Array [
          Object {
            "alignItems": "center",
            "alignSelf": "center",
            "justifyContent": "center",
          },
          undefined,
        ]
      }
    />
  </Image>
  <View
    style={
      Array [
        Object {
          "paddingBottom": 5,
          "paddingLeft": 15,
          "paddingRight": 15,
          "paddingTop": 15,
        },
        undefined,
      ]
    }
  >
    <TextElement
      h4={true}
      style={
        Array [
          Object {
            "backgroundColor": "rgba(0,0,0,0)",
            "marginBottom": 5,
          },
          undefined,
        ]
      }
    />
  </View>
</TouchableOpacity>
`;
