// Jest Snapshot v1, https://goo.gl/fbAQLP

exports[`SocialIcon component should render without issues 1`] = `
<View
  disabled={false}
  onLongPress={[Function]}
  onPress={[Function]}
  style={
    Array [
      Object {
        "shadowColor": "rgba(0,0,0, .4)",
        "shadowOffset": Object {
          "height": 1,
          "width": 1,
        },
        "shadowOpacity": 1,
        "shadowRadius": 1,
      },
      Object {
        "alignItems": "center",
        "borderRadius": 30,
        "flexDirection": "row",
        "justifyContent": "center",
        "margin": 7,
      },
      false,
      Object {
        "height": 52,
        "width": 52,
      },
      false,
      Object {
        "backgroundColor": "#00aced",
      },
      undefined,
      undefined,
    ]
  }
  underlayColor="#00aced"
>
  <View
    style={
      Object {
        "alignItems": "center",
        "flexDirection": "row",
        "justifyContent": "center",
      }
    }
  >
    <Icon
      allowFontScaling={false}
      color="white"
      name="twitter"
      size={24}
      style={
        Array [
          undefined,
        ]
      }
    />
  </View>
</View>
`;
