// Jest Snapshot v1, https://goo.gl/fbAQLP

exports[`ListItem component should render without issues 1`] = `
<View
  style={
    Array [
      Object {
        "backgroundColor": "transparent",
        "borderBottomColor": "#ededed",
        "borderBottomWidth": 1,
        "paddingBottom": 10,
        "paddingRight": 10,
        "paddingTop": 10,
      },
      undefined,
    ]
  }
  underlayColor="white"
>
  <View
    style={
      Array [
        Object {
          "flexDirection": "row",
          "marginLeft": 10,
        },
        undefined,
      ]
    }
  >
    <View
      style={
        Object {
          "flex": 1,
          "justifyContent": "center",
        }
      }
    >
      <View>
        <View />
      </View>
      <View>
        <View />
      </View>
    </View>
    <View
      style={
        Object {
          "alignItems": "flex-end",
          "flex": 0.15,
          "justifyContent": "center",
        }
      }
    >
      <Icon
        color="#bdc6cf"
        name="chevron-right"
        raised={false}
        reverse={false}
        reverseColor="white"
        size={28}
        underlayColor="white"
      />
    </View>
  </View>
</View>
`;
