// Jest Snapshot v1, https://goo.gl/fbAQLP

exports[`Icon component should render without issues 1`] = `
<View
  style={
    Array [
      false,
      false,
      false,
      Object {
        "alignItems": "center",
        "backgroundColor": "transparent",
        "justifyContent": "center",
      },
      undefined,
    ]
  }
  underlayColor="white"
>
  <Icon
    allowFontScaling={false}
    color="black"
    name="wifi"
    size={24}
    style={
      Array [
        Object {
          "backgroundColor": "transparent",
        },
        undefined,
      ]
    }
  />
</View>
`;
